/build/source/tests/itest/a
/build/source/tests/itest/b
/build/source/tests/itest/c
/build/source/tests/itest/d
/build/source/tests/itest/dir-symlink -> vagrant/debug
/build/source/tests/itest/e
/build/source/tests/itest/exa
/build/source/tests/itest/f
/build/source/tests/itest/g
/build/source/tests/itest/h
/build/source/tests/itest/i
/build/source/tests/itest/image.jpg.img.c.rs.log.png
/build/source/tests/itest/index.svg
/build/source/tests/itest/j
/build/source/tests/itest/k
/build/source/tests/itest/l
/build/source/tests/itest/m
/build/source/tests/itest/n
/build/source/tests/itest/o
/build/source/tests/itest/p
/build/source/tests/itest/q
/build/source/tests/itest/vagrant
