/build/source/tests/itest/a
/build/source/tests/itest/b
/build/source/tests/itest/c
/build/source/tests/itest/d
/build/source/tests/itest/dir-symlink -> vagrant/debug
/build/source/tests/itest/e
/build/source/tests/itest/exa
/build/source/tests/itest/f
/build/source/tests/itest/g
/build/source/tests/itest/h
/build/source/tests/itest/i
/build/source/tests/itest/image.jpg.img.c.rs.log.png
/build/source/tests/itest/index.svg
/build/source/tests/itest/j
/build/source/tests/itest/k
/build/source/tests/itest/l
/build/source/tests/itest/m
/build/source/tests/itest/n
/build/source/tests/itest/o
/build/source/tests/itest/p
/build/source/tests/itest/q
/build/source/tests/itest/vagrant

tests/itest/exa:
/build/source/tests/itest/exa/file.c -> djihisudjuhfius
/build/source/tests/itest/exa/sssssssssssssssssssssssssggggggggggggggggggggggggggggggggggggggggggggggggggggggggggggggggggggggggsssssssssssssssssssssssssssssssssssssssssssssssssssssssssssssssssss

tests/itest/exa/sssssssssssssssssssssssssggggggggggggggggggggggggggggggggggggggggggggggggggggggggggggggggggggggggsssssssssssssssssssssssssssssssssssssssssssssssssssssssssssssssssss:
/build/source/tests/itest/exa/sssssssssssssssssssssssssggggggggggggggggggggggggggggggggggggggggggggggggggggggggggggggggggggggggsssssssssssssssssssssssssssssssssssssssssssssssssssssssssssssssssss/Makefile

tests/itest/vagrant:
/build/source/tests/itest/vagrant/debug
/build/source/tests/itest/vagrant/dev
/build/source/tests/itest/vagrant/log

tests/itest/vagrant/debug:
/build/source/tests/itest/vagrant/debug/a
/build/source/tests/itest/vagrant/debug/symlink -> a
/build/source/tests/itest/vagrant/debug/symlink-broken -> ./b

tests/itest/vagrant/dev:
/build/source/tests/itest/vagrant/dev/main.bf

tests/itest/vagrant/log:
/build/source/tests/itest/vagrant/log/file.png
/build/source/tests/itest/vagrant/log/run

tests/itest/vagrant/log/run:
/build/source/tests/itest/vagrant/log/run/run.log.text
/build/source/tests/itest/vagrant/log/run/sps.log.text
