.rw-r--r--  0 nixbld 53 years a
.rw-r--r--  0 nixbld 53 years b
.rw-r--r--  0 nixbld 53 years c
.rw-r--r--  0 nixbld 53 years d
.rw-r--r--  0 nixbld 53 years e
drwxr-xr-x  - nixbld 53 years exa
.rw-r--r--  0 nixbld 53 years f
.rw-r--r--  0 nixbld 53 years g
.rw-r--r--  0 nixbld 53 years h
.rw-r--r--  0 nixbld 53 years i
.rw-r--r--  0 nixbld 53 years image.jpg.img.c.rs.log.png
.rw-r--r-- 19 nixbld 53 years index.svg
.rw-r--r--  0 nixbld 53 years j
.rw-r--r--  0 nixbld 53 years k
.rw-r--r--  0 nixbld 53 years l
.rw-r--r--  0 nixbld 53 years m
.rw-r--r--  0 nixbld 53 years n
.rw-r--r--  0 nixbld 53 years o
.rw-r--r--  0 nixbld 53 years p
.rw-r--r--  0 nixbld 53 years q
drwxr-xr-x  - nixbld 53 years vagrant
