ï€– a  ï€– b  ï€– c  ï€– d  ï€– e  [34mî—¿ [1mexa[0m  ï€– f  ï€– g  ï€– h  ï€– i  [35mï‡… image.jpg.img.c.rs.log.png[0m  [35mó°•™ index.svg[0m  ï€– j  ï€– k  ï€– l  ï€– m  ï€– n  ï€– o  ï€– p  ï€– q  [34mî—¿ [1mvagrant[0m
