a
b
c
d
e
exa
f
g
h
i
image.jpg.img.c.rs.log.png
index.svg
j
k
l
m
n
o
p
q
vagrant

tests/itest/exa:
file.c -> djihisudjuhfius
sssssssssssssssssssssssssggggggggggggggggggggggggggggggggggggggggggggggggggggggggggggggggggggggggsssssssssssssssssssssssssssssssssssssssssssssssssssssssssssssssssss

tests/itest/exa/sssssssssssssssssssssssssggggggggggggggggggggggggggggggggggggggggggggggggggggggggggggggggggggggggsssssssssssssssssssssssssssssssssssssssssssssssssssssssssssssssssss:
Makefile

tests/itest/vagrant:
debug
dev
log

tests/itest/vagrant/debug:
a
symlink -> a
symlink-broken -> ./b

tests/itest/vagrant/dev:
main.bf

tests/itest/vagrant/log:
file.png
run

tests/itest/vagrant/log/run:
run.log.text
sps.log.text
