eza - A modern, maintained replacement for ls
v0.20.2 [+git] (pre-release debug build!)
https://github.com/eza-community/eza
