[..]Custom timestamp format is empty, please supply a chrono format string after the plus sign.[..]
...
