/build/source/tests/test_dir/git
/build/source/tests/test_dir/grid
/build/source/tests/test_dir/group
/build/source/tests/test_dir/icons
/build/source/tests/test_dir/perms
/build/source/tests/test_dir/size
/build/source/tests/test_dir/specials
/build/source/tests/test_dir/symlinks
/build/source/tests/test_dir/time
