eza - A modern, maintained replacement for ls
v0.16.3 [+git] (pre-release debug build!)
https://github.com/eza-community/eza
