drwxr-xr-x - nixbld 12 Nov 10:01 git
drwxr-xr-x - nixbld 12 Nov 10:01 grid
drwxr-xr-x - nixbld 12 Nov 10:01 group
drwxr-xr-x - nixbld 12 Nov 10:01 icons
drwxr-xr-x - nixbld 12 Nov 10:01 perms
drwxr-xr-x - nixbld 12 Nov 10:01 size
drwxr-xr-x - nixbld 12 Nov 10:01 specials
drwxr-xr-x - nixbld 12 Nov 10:01 symlinks
drwxr-xr-x - nixbld 12 Nov 10:01 time
